// Jest Snapshot v1, https://goo.gl/fbAQLP

exports[`should render ADDExpensePage correctly 1`] = `
<div>
  <h1>
    Add Eepense
  </h1>
  <ExpenseForm
    onSubmit={[Function]}
  />
</div>
`;
