// Jest Snapshot v1, https://goo.gl/fbAQLP

exports[`snapshot for login 1`] = `
<div>
  <button>
    Login
  </button>
</div>
`;
